cat: nosndos: No such file or directory
